[INFO] Scanning for projects...
[INFO] 
[INFO] -------------------< com.wingsafepay:wing-safe-pay >--------------------
[INFO] Building  0.0.1-SNAPSHOT
[INFO]   from pom.xml
[INFO] --------------------------------[ jar ]---------------------------------
[INFO] 
[INFO] --- clean:3.4.1:clean (default-clean) @ wing-safe-pay ---
[INFO] Deleting C:\Users\Chivo\Documents\Wing Safe Payway\wing-safe-pay\target
[INFO] 
[INFO] --- resources:3.3.1:resources (default-resources) @ wing-safe-pay ---
[INFO] Copying 1 resource from src\main\resources to target\classes
[INFO] Copying 1 resource from src\main\resources to target\classes
[INFO] 
[INFO] --- compiler:3.14.1:compile (default-compile) @ wing-safe-pay ---
[INFO] Recompiling the module because of changed source code.
[INFO] Compiling 44 source files with javac [debug parameters release 21] to target\classes
.\mvnw.cmd : WARNING: A 
terminally deprecated 
method in 
sun.misc.Unsafe has been 
called
At line:1 char:64
+ ... safe-pay" ; 
.\mvnw.cmd clean compile 
2>&1 > 
compile_output.txt ; 
Get- ...
+                 ~~~~~~~
~~~~~~~~~~~~~~~~~~~~~~~~~
~~~~~~~~~~~~~~~~~~
    + CategoryInfo       
       : NotSpecified:   
  (WARNING: A term...h   
 as been called:Strin    
g) [], RemoteExcepti    
on
    + FullyQualifiedErro 
   rId : NativeCommandE  
  rror
 
WARNING: sun.misc.Unsafe:
:objectFieldOffset has 
been called by 
lombok.permit.Permit
WARNING: Please consider 
reporting this to the 
maintainers of class 
lombok.permit.Permit
WARNING: sun.misc.Unsafe:
:objectFieldOffset will 
be removed in a future 
release
[INFO] ------------------------------------------------------------------------
[INFO] BUILD SUCCESS
[INFO] ------------------------------------------------------------------------
[INFO] Total time:  3.731 s
[INFO] Finished at: 2026-04-02T11:18:25+07:00
[INFO] ------------------------------------------------------------------------
